--------------------------------------------------------------------------------------
Timing Analyzer Summary
--------------------------------------------------------------------------------------

Type           : Worst-case tsu
Slack          : N/A
Required Time  : None
Actual Time    : 5.965 ns
From           : Address[6]
To             : SpriteRAM:sprite_memory[2].MEM0|altsyncram:altsyncram_component|altsyncram_gvd1:auto_generated|ram_block1a3~porta_address_reg6
From Clock     : --
To Clock       : Clock
Failed Paths   : 0

Type           : Worst-case tco
Slack          : N/A
Required Time  : None
Actual Time    : 15.381 ns
From           : SpriteRAM:sprite_memory[4].MEM0|altsyncram:altsyncram_component|altsyncram_gvd1:auto_generated|ram_block1a5~porta_address_reg11
To             : DataOut[5]
From Clock     : Clock
To Clock       : --
Failed Paths   : 0

Type           : Worst-case tpd
Slack          : N/A
Required Time  : None
Actual Time    : 14.305 ns
From           : MemSel[0]
To             : DataOut[5]
From Clock     : --
To Clock       : --
Failed Paths   : 0

Type           : Worst-case th
Slack          : N/A
Required Time  : None
Actual Time    : -2.926 ns
From           : Address[0]
To             : SpriteRAM:sprite_memory[5].MEM0|altsyncram:altsyncram_component|altsyncram_gvd1:auto_generated|ram_block1a1~porta_address_reg0
From Clock     : --
To Clock       : Clock
Failed Paths   : 0

Type           : Clock Setup: 'Clock'
Slack          : N/A
Required Time  : None
Actual Time    : Restricted to 200.00 MHz ( period = 5.000 ns )
From           : SpriteRAM:sprite_memory[3].MEM0|altsyncram:altsyncram_component|altsyncram_gvd1:auto_generated|ram_block1a8~porta_datain_reg0
To             : SpriteRAM:sprite_memory[3].MEM0|altsyncram:altsyncram_component|altsyncram_gvd1:auto_generated|ram_block1a8~porta_memory_reg0
From Clock     : Clock
To Clock       : Clock
Failed Paths   : 0

Type           : Total number of failed paths
Slack          : 
Required Time  : 
Actual Time    : 
From           : 
To             : 
From Clock     : 
To Clock       : 
Failed Paths   : 0

--------------------------------------------------------------------------------------

