Flow report for main_state_machine
Tue Nov 11 11:35:39 2008
Quartus II Version 7.1 Build 178 06/25/2007 Service Pack 1 SJ Full Version


---------------------
; Table of Contents ;
---------------------
  1. Legal Notice
  2. Flow Summary
  3. Flow Settings
  4. Flow Non-Default Global Settings
  5. Flow Elapsed Time
  6. Flow Log



----------------
; Legal Notice ;
----------------
Copyright (C) 1991-2007 Altera Corporation
Your use of Altera Corporation's design tools, logic functions 
and other software and tools, and its AMPP partner logic 
functions, and any output files from any of the foregoing 
(including device programming or simulation files), and any 
associated documentation or information are expressly subject 
to the terms and conditions of the Altera Program License 
Subscription Agreement, Altera MegaCore Function License 
Agreement, or other applicable license agreement, including, 
without limitation, that your use is for the sole purpose of 
programming logic devices manufactured by Altera and sold by 
Altera or its authorized distributors.  Please refer to the 
applicable agreement for further details.



+------------------------------------------------------------------------------------+
; Flow Summary                                                                       ;
+------------------------------------+-----------------------------------------------+
; Flow Status                        ; Successful - Tue Nov 11 11:35:38 2008         ;
; Quartus II Version                 ; 7.1 Build 178 06/25/2007 SP 1 SJ Full Version ;
; Revision Name                      ; main_state_machine                            ;
; Top-level Entity Name              ; main_state_machine                            ;
; Family                             ; Cyclone II                                    ;
; Device                             ; EP2C35F672C6                                  ;
; Timing Models                      ; Final                                         ;
; Met timing requirements            ; Yes                                           ;
; Total logic elements               ; 192 / 33,216 ( < 1 % )                        ;
;     Total combinational functions  ; 189 / 33,216 ( < 1 % )                        ;
;     Dedicated logic registers      ; 62 / 33,216 ( < 1 % )                         ;
; Total registers                    ; 62                                            ;
; Total pins                         ; 67 / 475 ( 14 % )                             ;
; Total virtual pins                 ; 0                                             ;
; Total memory bits                  ; 62,080 / 483,840 ( 13 % )                     ;
; Embedded Multiplier 9-bit elements ; 1 / 70 ( 1 % )                                ;
; Total PLLs                         ; 1 / 4 ( 25 % )                                ;
+------------------------------------+-----------------------------------------------+


+-----------------------------------------+
; Flow Settings                           ;
+-------------------+---------------------+
; Option            ; Setting             ;
+-------------------+---------------------+
; Start date & time ; 11/11/2008 11:33:57 ;
; Main task         ; Compilation         ;
; Revision Name     ; main_state_machine  ;
+-------------------+---------------------+


+----------------------------------------------------------------------------+
; Flow Non-Default Global Settings                                           ;
+------------------------+--------+---------------+-------------+------------+
; Assignment Name        ; Value  ; Default Value ; Entity Name ; Section Id ;
+------------------------+--------+---------------+-------------+------------+
; PARTITION_NETLIST_TYPE ; SOURCE ; --            ; --          ; Top        ;
+------------------------+--------+---------------+-------------+------------+


+----------------------------------------+
; Flow Elapsed Time                      ;
+-------------------------+--------------+
; Module Name             ; Elapsed Time ;
+-------------------------+--------------+
; Analysis & Synthesis    ; 00:00:23     ;
; Fitter                  ; 00:00:31     ;
; Assembler               ; 00:00:34     ;
; Classic Timing Analyzer ; 00:00:06     ;
; Total                   ; 00:01:34     ;
+-------------------------+--------------+


------------
; Flow Log ;
------------
quartus_map --read_settings_files=on --write_settings_files=off main_state_machine -c main_state_machine
quartus_fit --read_settings_files=off --write_settings_files=off main_state_machine -c main_state_machine
quartus_asm --read_settings_files=off --write_settings_files=off main_state_machine -c main_state_machine
quartus_tan --read_settings_files=off --write_settings_files=off main_state_machine -c main_state_machine --timing_analysis_only



