--------------------------------------------------------------------------------------
Timing Analyzer Summary
--------------------------------------------------------------------------------------

Type           : Worst-case tsu
Slack          : N/A
Required Time  : None
Actual Time    : 5.881 ns
From           : enable
To             : counter5b:tile_counterx|lpm_counter:lpm_counter_component|cntr_4oi:auto_generated|safe_q[0]
From Clock     : --
To Clock       : clock
Failed Paths   : 0

Type           : Worst-case tco
Slack          : N/A
Required Time  : None
Actual Time    : 12.700 ns
From           : counter4b:tile_countery|lpm_counter:lpm_counter_component|cntr_3oi:auto_generated|safe_q[2]
To             : level_address[9]
From Clock     : clock
To Clock       : --
Failed Paths   : 0

Type           : Worst-case tpd
Slack          : N/A
Required Time  : None
Actual Time    : 14.141 ns
From           : x_offset[4]
To             : level_address[9]
From Clock     : --
To Clock       : --
Failed Paths   : 0

Type           : Worst-case th
Slack          : N/A
Required Time  : None
Actual Time    : -0.605 ns
From           : resetn
To             : drawTile:drawTileInst1|Q.INC_X
From Clock     : --
To Clock       : clock
Failed Paths   : 0

Type           : Clock Setup: 'clock'
Slack          : N/A
Required Time  : None
Actual Time    : Restricted to 200.00 MHz ( period = 5.000 ns )
From           : drawTile:drawTileInst1|nBitRegister:AddressReg|Q[6]
To             : tileset:tileset0|altsyncram:altsyncram_component|altsyncram_dvd1:auto_generated|ram_block1a0~porta_address_reg7
From Clock     : clock
To Clock       : clock
Failed Paths   : 0

Type           : Total number of failed paths
Slack          : 
Required Time  : 
Actual Time    : 
From           : 
To             : 
From Clock     : 
To Clock       : 
Failed Paths   : 0

--------------------------------------------------------------------------------------

