--------------------------------------------------------------------------------------
Timing Analyzer Summary
--------------------------------------------------------------------------------------

Type           : Worst-case tsu
Slack          : N/A
Required Time  : None
Actual Time    : 12.889 ns
From           : SW[0]
To             : level1:level_mem|altsyncram:altsyncram_component|altsyncram_7391:auto_generated|ram_block1a19~porta_address_reg11
From Clock     : --
To Clock       : CLOCK_50
Failed Paths   : 0

Type           : Worst-case tco
Slack          : N/A
Required Time  : None
Actual Time    : 15.931 ns
From           : level1:level_mem|altsyncram:altsyncram_component|altsyncram_7391:auto_generated|ram_block1a12~porta_address_reg11
To             : LEDR[0]
From Clock     : CLOCK_50
To Clock       : --
Failed Paths   : 0

Type           : Worst-case tpd
Slack          : N/A
Required Time  : None
Actual Time    : 12.708 ns
From           : KEY[1]
To             : LEDR[14]
From Clock     : --
To Clock       : --
Failed Paths   : 0

Type           : Worst-case th
Slack          : N/A
Required Time  : None
Actual Time    : 0.022 ns
From           : SW[0]
To             : drawBackground:draw_background|drawTile:tile_drawing_module|Q.INC_Y
From Clock     : --
To Clock       : CLOCK_50
Failed Paths   : 0

Type           : Clock Setup: 'CLOCK_50'
Slack          : 6.916 ns
Required Time  : 50.00 MHz ( period = 20.000 ns )
Actual Time    : 76.43 MHz ( period = 13.084 ns )
From           : flipflop:y_position_holder|lpm_ff:lpm_ff_component|dffs[5]
To             : level1:level_mem|altsyncram:altsyncram_component|altsyncram_7391:auto_generated|ram_block1a19~porta_address_reg11
From Clock     : CLOCK_50
To Clock       : CLOCK_50
Failed Paths   : 0

Type           : Clock Setup: 'vga_adapter:VGA|vga_pll:mypll|altpll:altpll_component|_clk0'
Slack          : 31.159 ns
Required Time  : 25.00 MHz ( period = 40.000 ns )
Actual Time    : 113.11 MHz ( period = 8.841 ns )
From           : vga_adapter:VGA|vga_controller:controller|yCounter[2]
To             : vga_adapter:VGA|altsyncram:VideoMemory|altsyncram_p3g1:auto_generated|altsyncram_ptq1:altsyncram1|ram_block2a5~porta_address_reg11
From Clock     : vga_adapter:VGA|vga_pll:mypll|altpll:altpll_component|_clk0
To Clock       : vga_adapter:VGA|vga_pll:mypll|altpll:altpll_component|_clk0
Failed Paths   : 0

Type           : Clock Hold: 'CLOCK_50'
Slack          : 0.391 ns
Required Time  : 50.00 MHz ( period = 20.000 ns )
Actual Time    : N/A
From           : characterMovement:character_movement|slow_jump
To             : characterMovement:character_movement|slow_jump
From Clock     : CLOCK_50
To Clock       : CLOCK_50
Failed Paths   : 0

Type           : Clock Hold: 'vga_adapter:VGA|vga_pll:mypll|altpll:altpll_component|_clk0'
Slack          : 0.675 ns
Required Time  : 25.00 MHz ( period = 40.000 ns )
Actual Time    : N/A
From           : vga_adapter:VGA|vga_controller:controller|xCounter[7]
To             : vga_adapter:VGA|vga_controller:controller|VGA_HS1
From Clock     : vga_adapter:VGA|vga_pll:mypll|altpll:altpll_component|_clk0
To Clock       : vga_adapter:VGA|vga_pll:mypll|altpll:altpll_component|_clk0
Failed Paths   : 0

Type           : Total number of failed paths
Slack          : 
Required Time  : 
Actual Time    : 
From           : 
To             : 
From Clock     : 
To Clock       : 
Failed Paths   : 0

--------------------------------------------------------------------------------------

